0 verbose cli /opt/homebrew/Cellar/node@20/20.18.2/bin/node /opt/homebrew/lib/node_modules/npm/bin/npm-cli.js
1 info using npm@11.5.2
2 info using node@v20.18.2
3 silly config load:file:/opt/homebrew/lib/node_modules/npm/npmrc
4 silly config load:file:/Users/keremkirici/.npmrc
5 silly config load:file:/opt/homebrew/etc/npmrc
6 verbose title npm exec create-next-app@latest temp --ts --tailwind --eslint --app --src-dir --import-alias @/* --use-npm
7 verbose argv "exec" "--yes" "--" "create-next-app@latest" "temp" "--ts" "--tailwind" "--eslint" "--app" "--src-dir" "--import-alias" "@/*" "--use-npm"
8 verbose logfile logs-max:10 dir:/Users/keremkirici/Projects/NextJS/portfolio-website/.npm-cache/_logs/2025-10-30T19_33_51_319Z-
9 verbose logfile /Users/keremkirici/Projects/NextJS/portfolio-website/.npm-cache/_logs/2025-10-30T19_33_51_319Z-debug-0.log
10 silly logfile done cleaning log files
11 silly packumentCache heap:4345298944 maxSize:1086324736 maxEntrySize:543162368
12 http fetch GET 200 https://registry.npmjs.org/create-next-app 144ms (cache miss)
13 silly packumentCache heap:4345298944 maxSize:1086324736 maxEntrySize:543162368
14 silly packumentCache heap:4345298944 maxSize:1086324736 maxEntrySize:543162368
15 silly idealTree buildDeps
16 silly fetch manifest create-next-app@16.0.1
17 silly packumentCache full:https://registry.npmjs.org/create-next-app cache-miss
18 http fetch GET 200 https://registry.npmjs.org/create-next-app 135ms (cache miss)
19 silly packumentCache full:https://registry.npmjs.org/create-next-app set size:undefined disposed:false
20 silly placeDep ROOT create-next-app@16.0.1 OK for:  want: 16.0.1
21 silly reify moves {}
22 silly audit bulk request { 'create-next-app': [ '16.0.1' ] }
23 http cache create-next-app@https://registry.npmjs.org/create-next-app/-/create-next-app-16.0.1.tgz 0ms (cache hit)
24 silly tarball no local data for create-next-app@https://registry.npmjs.org/create-next-app/-/create-next-app-16.0.1.tgz. Extracting by manifest.
25 http fetch GET 200 https://registry.npmjs.org/create-next-app/-/create-next-app-16.0.1.tgz 115ms (cache miss)
26 http fetch POST 200 https://registry.npmjs.org/-/npm/v1/security/advisories/bulk 236ms
27 silly audit report {}
28 verbose cwd /Users/keremkirici/Projects/NextJS/portfolio-website
29 verbose os Darwin 25.0.0
30 verbose node v20.18.2
31 verbose npm  v11.5.2
32 verbose exit 0
33 info ok
